// Jest Snapshot v1, https://goo.gl/fbAQLP

exports[`<summary> should render and match the snapshot 1`] = `
<div
  class="container"
  data-reactroot=""
>
  <div
    class="appHeaderContainer"
  >
    <div
      class="breadcrumbContainer"
    />
    <a>
      Total Revenue
    </a>
  </div>
  <div
    class="routeComponentContainer"
  />
</div>
`;
